{
  "cruise_id": "HB1907",
  "package_id": "HB1907",
  "ship": "Henry B. Bigelow (HB)",
  "ship_uuid": "5db5f560-edf2-11e1-aff1-0800200c9a66",
  "sea_area": "North Atlantic Ocean",
  "departure_port": "Newport, US RI",
  "departure_date": "2019-07-24",
  "arrival_port": "Newport, US RI",
  "arrival_date": "2019-08-08",
  "cruise_title": "Mesopelagic Exploration with Deep-See",
  "cruise_purpose": "The objectives are to: \n1)        Test, calibrate, and evaluate the deep-towed Deep-See acoustical and optical system;\n2)        Collect acoustical and optical data on deep-scattering layers using Deep-See and EK60; \n3)        Sample plankton and nekton using MOCNESS nets and midwater trawls; \n4)        Collect hydrographic and meteorological data; \n5)        Collect eDNA samples;\n6)        Characterize surface layer plankton communities (IFCB) and associated productivity (EIMS); and\n7)        Document the scientific activities using photos, videos, and interviews.",
  "cruise_description": "The objectives are to: \n1)        Test, calibrate, and evaluate the deep-towed Deep-See acoustical and optical system;\n2)        Collect acoustical and optical data on deep-scattering layers using Deep-See and EK60; \n3)        Sample plankton and nekton using MOCNESS nets and midwater trawls; \n4)        Collect hydrographic and meteorological data; \n5)        Collect eDNA samples;\n6)        Characterize surface layer plankton communities (IFCB) and associated productivity (EIMS); and\n7)        Document the scientific activities using photos, videos, and interviews.",
  "projects": ["Mespolagic DEEP -SEA"],
  "metadata_author": {
    "name": "Chuck Anderson",
    "uuid": "7273deab-88c3-4b1d-9b80-0ee5fbc42a21"
  },
  "scientists": [{"name": "Mike Jech", "uuid": ""}],
  "funders": [],
  "sponsors": [{"name": "funded by a Line Office allocation", "uuid": ""}],
  "master_release_date": "2022-01-26",
  "instruments": [{"type": "Multibeam Bathymetry", "instrument": "Simrad ME70", "additional_data": [], "data_comment": "", "data_path": "", "release_date": "2022-01-26", "status": "Raw", "uuid": "26fca400-154a-11e1-be50-0800200c9a66"}],
  "use": true
}