{
  "cruise_id": "HB2101",
  "segment_id": "Leg 1",
  "package_id": "HB2101_Leg 1",
  "ship": "Henry B. Bigelow (HB)",
  "ship_uuid": "5db5f560-edf2-11e1-aff1-0800200c9a66",
  "sea_area": "North Atlantic Ocean",
  "departure_port": "Newport, US RI",
  "departure_date": "2021-03-11",
  "arrival_port": "Newport, US RI",
  "arrival_date": "2021-04-28",
  "cruise_title": "Multispecies Bottom Trawl Survey",
  "projects": ["Spring Multispecies Bottom Trawl Survey"],
  "metadata_author": {
    "name": "Chuck Anderson",
    "uuid": "7273deab-88c3-4b1d-9b80-0ee5fbc42a21"
  },
  "scientists": [{"name": "TK", "uuid": ""}],
  "funders": [{"name": "NMFS", "uuid": ""}],
  "sponsors": [{"name": "NMFS", "uuid": ""}],
  "master_release_date": "2022-01-26",
  "instruments": [{"type": "Multibeam Bathymetry", "instrument": "Kongsberg EM2040", "additional_data": [], "data_comment": "", "data_path": "", "release_date": "2022-01-26", "status": "Raw", "uuid": "3fc99253-bc2b-438f-8655-ffd5a825c260"}, {"type": "Multibeam Bathymetry", "instrument": "Simrad ME70", "additional_data": [], "data_comment": "", "data_path": "", "release_date": "2022-01-26", "status": "Raw", "uuid": "26fca400-154a-11e1-be50-0800200c9a66"}],
  "use": true
}