{
  "cruise_id": "sdsdsd",
  "segment_id": "tttttt",
  "package_id": "sdsdsd_tttttt",
  "departure_date": "2021-06-16",
  "arrival_date": "2021-07-08",
  "projects": [],
  "scientists": [],
  "funders": [],
  "sponsors": [],
  "master_release_date": "2022-01-26",
  "instruments": [],
  "use": true
}